python : Traceback (most recent call last):
位於 線路:1 字元:1
+ python scripts/morning_vision_test.py > test_output.txt
 2>&1
+ ~~~~~~~~~~~~~~~~~~~~~~~~~~~~~~~~~~~~~~~~~~~~~~~~~~~~~~~
~~~~~
    + CategoryInfo          : NotSpecified: (Traceback ( 
   most recent call last)::String) [], RemoteException
    + FullyQualifiedErrorId : NativeCommandError
 
  File "C:\Users\user\.gemini\antigravity\playground\infi
nite-horizon\ToneSoul-Architecture-Engine\scripts\morning
_vision_test.py", line 37, in <module>
    morning_test()
    ~~~~~~~~~~~~^^

  File "C:\Users\user\.gemini\antigravity\playground\infi
nite-horizon\ToneSoul-Architecture-Engine\scripts\morning
_vision_test.py", line 10, in morning_test
    print("\u2600\ufe0f ToneSoul Morning Vision Test Init
iated.")
    ~~~~~^^^^^^^^^^^^^^^^^^^^^^^^^^^^^^^^^^^^^^^^^^^^^^

UnicodeEncodeError: 'cp950' codec can't encode character 
'\u2600' in position 0: illegal multibyte sequence

